// Jest Snapshot v1, https://goo.gl/fbAQLP

exports[`colorTableToRTF should return a string 1`] = `"{\\\\colortbl\\\\red255\\\\green255\\\\blue255;\\\\red0\\\\green0\\\\blue0;\\\\red0\\\\green106\\\\blue0;\\\\red170\\\\green13\\\\blue145;}"`;

exports[`getColorTable should return an object of all used colors 1`] = `
Array [
  Object {
    "b": 255,
    "g": 255,
    "r": 255,
  },
  Object {
    "b": 0,
    "g": 0,
    "r": 0,
  },
  Object {
    "b": 0,
    "g": 106,
    "r": 0,
  },
  Object {
    "b": 145,
    "g": 13,
    "r": 170,
  },
]
`;
